------------------------------------------------------------
Timing Analyzer Summary
------------------------------------------------------------

Type  : Slow 900mV 85C Model Setup 'PLL_inst|altpll_component|auto_generated|pll1|clk[1]'
Slack : -19.149
TNS   : -647.587

Type  : Slow 900mV 85C Model Setup 'hybrid_control_theta_phi:hybrid_control_theta_phi_inst|CLK_jump_prev'
Slack : -1.467
TNS   : -2.867

Type  : Slow 900mV 85C Model Setup 'debounce:debounce_4bit_inst|debounce_core:DB[2].db_core|r_switch_state'
Slack : -1.459
TNS   : -11.228

Type  : Slow 900mV 85C Model Setup 'debounce:debounce_4bit_inst|debounce_core:DB[1].db_core|r_switch_state'
Slack : -1.057
TNS   : -8.195

Type  : Slow 900mV 85C Model Setup 'hybrid_control_mixed:hybrid_control_mixed_inst|CLK_jump_prev'
Slack : -1.046
TNS   : -2.090

Type  : Slow 900mV 85C Model Setup 'PLL_inst|altpll_component|auto_generated|pll1|clk[2]'
Slack : -0.978
TNS   : -56.611

Type  : Slow 900mV 85C Model Setup 'hybrid_control_phi:hybrid_control_inst|CLK_jump_prev'
Slack : -0.930
TNS   : -1.768

Type  : Slow 900mV 85C Model Hold 'PLL_inst|altpll_component|auto_generated|pll1|clk[1]'
Slack : 0.276
TNS   : 0.000

Type  : Slow 900mV 85C Model Hold 'hybrid_control_phi:hybrid_control_inst|CLK_jump_prev'
Slack : 0.278
TNS   : 0.000

Type  : Slow 900mV 85C Model Hold 'PLL_inst|altpll_component|auto_generated|pll1|clk[2]'
Slack : 0.292
TNS   : 0.000

Type  : Slow 900mV 85C Model Hold 'debounce:debounce_4bit_inst|debounce_core:DB[1].db_core|r_switch_state'
Slack : 0.365
TNS   : 0.000

Type  : Slow 900mV 85C Model Hold 'debounce:debounce_4bit_inst|debounce_core:DB[2].db_core|r_switch_state'
Slack : 0.373
TNS   : 0.000

Type  : Slow 900mV 85C Model Hold 'hybrid_control_mixed:hybrid_control_mixed_inst|CLK_jump_prev'
Slack : 0.395
TNS   : 0.000

Type  : Slow 900mV 85C Model Hold 'hybrid_control_theta_phi:hybrid_control_theta_phi_inst|CLK_jump_prev'
Slack : 0.517
TNS   : 0.000

Type  : Slow 900mV 85C Model Recovery 'debounce:debounce_4bit_inst|debounce_core:DB[2].db_core|r_switch_state'
Slack : -1.150
TNS   : -10.218

Type  : Slow 900mV 85C Model Recovery 'debounce:debounce_4bit_inst|debounce_core:DB[1].db_core|r_switch_state'
Slack : -0.978
TNS   : -8.712

Type  : Slow 900mV 85C Model Recovery 'PLL_inst|altpll_component|auto_generated|pll1|clk[2]'
Slack : 997.407
TNS   : 0.000

Type  : Slow 900mV 85C Model Removal 'debounce:debounce_4bit_inst|debounce_core:DB[1].db_core|r_switch_state'
Slack : 0.565
TNS   : 0.000

Type  : Slow 900mV 85C Model Removal 'debounce:debounce_4bit_inst|debounce_core:DB[2].db_core|r_switch_state'
Slack : 0.752
TNS   : 0.000

Type  : Slow 900mV 85C Model Removal 'PLL_inst|altpll_component|auto_generated|pll1|clk[2]'
Slack : 1.975
TNS   : 0.000

Type  : Slow 900mV 85C Model Minimum Pulse Width 'ADA_DCO'
Slack : -0.666
TNS   : -46.639

Type  : Slow 900mV 85C Model Minimum Pulse Width 'ADB_DCO'
Slack : -0.666
TNS   : -30.114

Type  : Slow 900mV 85C Model Minimum Pulse Width 'debounce:debounce_4bit_inst|debounce_core:DB[1].db_core|r_switch_state'
Slack : -0.250
TNS   : -3.006

Type  : Slow 900mV 85C Model Minimum Pulse Width 'debounce:debounce_4bit_inst|debounce_core:DB[2].db_core|r_switch_state'
Slack : -0.250
TNS   : -2.835

Type  : Slow 900mV 85C Model Minimum Pulse Width 'hybrid_control_phi:hybrid_control_inst|CLK_jump_prev'
Slack : -0.250
TNS   : -0.742

Type  : Slow 900mV 85C Model Minimum Pulse Width 'hybrid_control_mixed:hybrid_control_mixed_inst|CLK_jump_prev'
Slack : -0.250
TNS   : -0.708

Type  : Slow 900mV 85C Model Minimum Pulse Width 'hybrid_control_theta_phi:hybrid_control_theta_phi_inst|CLK_jump_prev'
Slack : -0.250
TNS   : -0.647

Type  : Slow 900mV 85C Model Minimum Pulse Width 'PLL_inst|altpll_component|auto_generated|pll1|clk[1]'
Slack : 4.452
TNS   : 0.000

Type  : Slow 900mV 85C Model Minimum Pulse Width 'OSC'
Slack : 9.959
TNS   : 0.000

Type  : Slow 900mV 85C Model Minimum Pulse Width 'PLL_inst|altpll_component|auto_generated|pll1|clk[2]'
Slack : 499.452
TNS   : 0.000

Type  : Slow 900mV 0C Model Setup 'PLL_inst|altpll_component|auto_generated|pll1|clk[1]'
Slack : -18.350
TNS   : -619.279

Type  : Slow 900mV 0C Model Setup 'debounce:debounce_4bit_inst|debounce_core:DB[2].db_core|r_switch_state'
Slack : -1.372
TNS   : -10.492

Type  : Slow 900mV 0C Model Setup 'hybrid_control_theta_phi:hybrid_control_theta_phi_inst|CLK_jump_prev'
Slack : -1.350
TNS   : -2.643

Type  : Slow 900mV 0C Model Setup 'debounce:debounce_4bit_inst|debounce_core:DB[1].db_core|r_switch_state'
Slack : -0.987
TNS   : -7.594

Type  : Slow 900mV 0C Model Setup 'PLL_inst|altpll_component|auto_generated|pll1|clk[2]'
Slack : -0.939
TNS   : -54.840

Type  : Slow 900mV 0C Model Setup 'hybrid_control_phi:hybrid_control_inst|CLK_jump_prev'
Slack : -0.860
TNS   : -1.624

Type  : Slow 900mV 0C Model Setup 'hybrid_control_mixed:hybrid_control_mixed_inst|CLK_jump_prev'
Slack : -0.832
TNS   : -1.652

Type  : Slow 900mV 0C Model Hold 'hybrid_control_phi:hybrid_control_inst|CLK_jump_prev'
Slack : 0.176
TNS   : 0.000

Type  : Slow 900mV 0C Model Hold 'hybrid_control_mixed:hybrid_control_mixed_inst|CLK_jump_prev'
Slack : 0.261
TNS   : 0.000

Type  : Slow 900mV 0C Model Hold 'PLL_inst|altpll_component|auto_generated|pll1|clk[1]'
Slack : 0.271
TNS   : 0.000

Type  : Slow 900mV 0C Model Hold 'PLL_inst|altpll_component|auto_generated|pll1|clk[2]'
Slack : 0.290
TNS   : 0.000

Type  : Slow 900mV 0C Model Hold 'debounce:debounce_4bit_inst|debounce_core:DB[1].db_core|r_switch_state'
Slack : 0.356
TNS   : 0.000

Type  : Slow 900mV 0C Model Hold 'debounce:debounce_4bit_inst|debounce_core:DB[2].db_core|r_switch_state'
Slack : 0.363
TNS   : 0.000

Type  : Slow 900mV 0C Model Hold 'hybrid_control_theta_phi:hybrid_control_theta_phi_inst|CLK_jump_prev'
Slack : 0.412
TNS   : 0.000

Type  : Slow 900mV 0C Model Recovery 'debounce:debounce_4bit_inst|debounce_core:DB[2].db_core|r_switch_state'
Slack : -0.923
TNS   : -8.180

Type  : Slow 900mV 0C Model Recovery 'debounce:debounce_4bit_inst|debounce_core:DB[1].db_core|r_switch_state'
Slack : -0.731
TNS   : -6.494

Type  : Slow 900mV 0C Model Recovery 'PLL_inst|altpll_component|auto_generated|pll1|clk[2]'
Slack : 997.533
TNS   : 0.000

Type  : Slow 900mV 0C Model Removal 'debounce:debounce_4bit_inst|debounce_core:DB[1].db_core|r_switch_state'
Slack : 0.448
TNS   : 0.000

Type  : Slow 900mV 0C Model Removal 'debounce:debounce_4bit_inst|debounce_core:DB[2].db_core|r_switch_state'
Slack : 0.639
TNS   : 0.000

Type  : Slow 900mV 0C Model Removal 'PLL_inst|altpll_component|auto_generated|pll1|clk[2]'
Slack : 1.842
TNS   : 0.000

Type  : Slow 900mV 0C Model Minimum Pulse Width 'ADA_DCO'
Slack : -0.666
TNS   : -46.648

Type  : Slow 900mV 0C Model Minimum Pulse Width 'ADB_DCO'
Slack : -0.666
TNS   : -30.120

Type  : Slow 900mV 0C Model Minimum Pulse Width 'debounce:debounce_4bit_inst|debounce_core:DB[1].db_core|r_switch_state'
Slack : -0.250
TNS   : -3.115

Type  : Slow 900mV 0C Model Minimum Pulse Width 'debounce:debounce_4bit_inst|debounce_core:DB[2].db_core|r_switch_state'
Slack : -0.250
TNS   : -3.042

Type  : Slow 900mV 0C Model Minimum Pulse Width 'hybrid_control_phi:hybrid_control_inst|CLK_jump_prev'
Slack : -0.250
TNS   : -0.672

Type  : Slow 900mV 0C Model Minimum Pulse Width 'hybrid_control_mixed:hybrid_control_mixed_inst|CLK_jump_prev'
Slack : -0.250
TNS   : -0.654

Type  : Slow 900mV 0C Model Minimum Pulse Width 'hybrid_control_theta_phi:hybrid_control_theta_phi_inst|CLK_jump_prev'
Slack : -0.250
TNS   : -0.629

Type  : Slow 900mV 0C Model Minimum Pulse Width 'PLL_inst|altpll_component|auto_generated|pll1|clk[1]'
Slack : 4.433
TNS   : 0.000

Type  : Slow 900mV 0C Model Minimum Pulse Width 'OSC'
Slack : 9.979
TNS   : 0.000

Type  : Slow 900mV 0C Model Minimum Pulse Width 'PLL_inst|altpll_component|auto_generated|pll1|clk[2]'
Slack : 499.432
TNS   : 0.000

Type  : Fast 900mV 0C Model Setup 'PLL_inst|altpll_component|auto_generated|pll1|clk[1]'
Slack : -11.431
TNS   : -380.626

Type  : Fast 900mV 0C Model Setup 'hybrid_control_mixed:hybrid_control_mixed_inst|CLK_jump_prev'
Slack : -0.759
TNS   : -1.516

Type  : Fast 900mV 0C Model Setup 'hybrid_control_theta_phi:hybrid_control_theta_phi_inst|CLK_jump_prev'
Slack : -0.744
TNS   : -1.334

Type  : Fast 900mV 0C Model Setup 'hybrid_control_phi:hybrid_control_inst|CLK_jump_prev'
Slack : -0.536
TNS   : -0.987

Type  : Fast 900mV 0C Model Setup 'debounce:debounce_4bit_inst|debounce_core:DB[2].db_core|r_switch_state'
Slack : -0.413
TNS   : -2.683

Type  : Fast 900mV 0C Model Setup 'PLL_inst|altpll_component|auto_generated|pll1|clk[2]'
Slack : -0.407
TNS   : -21.057

Type  : Fast 900mV 0C Model Setup 'debounce:debounce_4bit_inst|debounce_core:DB[1].db_core|r_switch_state'
Slack : -0.181
TNS   : -1.070

Type  : Fast 900mV 0C Model Hold 'PLL_inst|altpll_component|auto_generated|pll1|clk[2]'
Slack : 0.133
TNS   : 0.000

Type  : Fast 900mV 0C Model Hold 'PLL_inst|altpll_component|auto_generated|pll1|clk[1]'
Slack : 0.159
TNS   : 0.000

Type  : Fast 900mV 0C Model Hold 'debounce:debounce_4bit_inst|debounce_core:DB[1].db_core|r_switch_state'
Slack : 0.204
TNS   : 0.000

Type  : Fast 900mV 0C Model Hold 'debounce:debounce_4bit_inst|debounce_core:DB[2].db_core|r_switch_state'
Slack : 0.208
TNS   : 0.000

Type  : Fast 900mV 0C Model Hold 'hybrid_control_phi:hybrid_control_inst|CLK_jump_prev'
Slack : 0.313
TNS   : 0.000

Type  : Fast 900mV 0C Model Hold 'hybrid_control_mixed:hybrid_control_mixed_inst|CLK_jump_prev'
Slack : 0.323
TNS   : 0.000

Type  : Fast 900mV 0C Model Hold 'hybrid_control_theta_phi:hybrid_control_theta_phi_inst|CLK_jump_prev'
Slack : 0.636
TNS   : 0.000

Type  : Fast 900mV 0C Model Recovery 'debounce:debounce_4bit_inst|debounce_core:DB[2].db_core|r_switch_state'
Slack : -0.708
TNS   : -6.289

Type  : Fast 900mV 0C Model Recovery 'debounce:debounce_4bit_inst|debounce_core:DB[1].db_core|r_switch_state'
Slack : -0.585
TNS   : -5.215

Type  : Fast 900mV 0C Model Recovery 'PLL_inst|altpll_component|auto_generated|pll1|clk[2]'
Slack : 998.409
TNS   : 0.000

Type  : Fast 900mV 0C Model Removal 'debounce:debounce_4bit_inst|debounce_core:DB[1].db_core|r_switch_state'
Slack : 0.614
TNS   : 0.000

Type  : Fast 900mV 0C Model Removal 'debounce:debounce_4bit_inst|debounce_core:DB[2].db_core|r_switch_state'
Slack : 0.726
TNS   : 0.000

Type  : Fast 900mV 0C Model Removal 'PLL_inst|altpll_component|auto_generated|pll1|clk[2]'
Slack : 1.234
TNS   : 0.000

Type  : Fast 900mV 0C Model Minimum Pulse Width 'ADA_DCO'
Slack : -0.177
TNS   : -2.412

Type  : Fast 900mV 0C Model Minimum Pulse Width 'ADB_DCO'
Slack : -0.141
TNS   : -3.917

Type  : Fast 900mV 0C Model Minimum Pulse Width 'hybrid_control_phi:hybrid_control_inst|CLK_jump_prev'
Slack : 0.062
TNS   : 0.000

Type  : Fast 900mV 0C Model Minimum Pulse Width 'hybrid_control_mixed:hybrid_control_mixed_inst|CLK_jump_prev'
Slack : 0.077
TNS   : 0.000

Type  : Fast 900mV 0C Model Minimum Pulse Width 'hybrid_control_theta_phi:hybrid_control_theta_phi_inst|CLK_jump_prev'
Slack : 0.096
TNS   : 0.000

Type  : Fast 900mV 0C Model Minimum Pulse Width 'debounce:debounce_4bit_inst|debounce_core:DB[2].db_core|r_switch_state'
Slack : 0.159
TNS   : 0.000

Type  : Fast 900mV 0C Model Minimum Pulse Width 'debounce:debounce_4bit_inst|debounce_core:DB[1].db_core|r_switch_state'
Slack : 0.164
TNS   : 0.000

Type  : Fast 900mV 0C Model Minimum Pulse Width 'PLL_inst|altpll_component|auto_generated|pll1|clk[1]'
Slack : 4.650
TNS   : 0.000

Type  : Fast 900mV 0C Model Minimum Pulse Width 'OSC'
Slack : 9.698
TNS   : 0.000

Type  : Fast 900mV 0C Model Minimum Pulse Width 'PLL_inst|altpll_component|auto_generated|pll1|clk[2]'
Slack : 499.648
TNS   : 0.000

------------------------------------------------------------
