------------------------------------------------------------
Timing Analyzer Summary
------------------------------------------------------------

Type  : Slow 900mV 85C Model Setup 'PLL_inst|altpll_component|auto_generated|pll1|clk[1]'
Slack : -14.942
TNS   : -597.868

Type  : Slow 900mV 85C Model Setup 'debounce:debounce_4bit_inst|debounce_core:DB[2].db_core|r_switch_state'
Slack : -1.568
TNS   : -11.951

Type  : Slow 900mV 85C Model Setup 'hybrid_control_mixed:hybrid_control_mixed_inst|CLK_jump_prev'
Slack : -1.229
TNS   : -2.366

Type  : Slow 900mV 85C Model Setup 'PLL_inst|altpll_component|auto_generated|pll1|clk[2]'
Slack : -0.980
TNS   : -29.281

Type  : Slow 900mV 85C Model Setup 'hybrid_control_theta_phi:hybrid_control_theta_phi_inst|CLK_jump_prev'
Slack : -0.697
TNS   : -1.225

Type  : Slow 900mV 85C Model Hold 'hybrid_control_theta_phi:hybrid_control_theta_phi_inst|CLK_jump_prev'
Slack : 0.159
TNS   : 0.000

Type  : Slow 900mV 85C Model Hold 'PLL_inst|altpll_component|auto_generated|pll1|clk[2]'
Slack : 0.265
TNS   : 0.000

Type  : Slow 900mV 85C Model Hold 'PLL_inst|altpll_component|auto_generated|pll1|clk[1]'
Slack : 0.276
TNS   : 0.000

Type  : Slow 900mV 85C Model Hold 'debounce:debounce_4bit_inst|debounce_core:DB[2].db_core|r_switch_state'
Slack : 0.368
TNS   : 0.000

Type  : Slow 900mV 85C Model Hold 'hybrid_control_mixed:hybrid_control_mixed_inst|CLK_jump_prev'
Slack : 0.467
TNS   : 0.000

Type  : Slow 900mV 85C Model Recovery 'debounce:debounce_4bit_inst|debounce_core:DB[2].db_core|r_switch_state'
Slack : -1.125
TNS   : -9.656

Type  : Slow 900mV 85C Model Recovery 'PLL_inst|altpll_component|auto_generated|pll1|clk[1]'
Slack : 3.780
TNS   : 0.000

Type  : Slow 900mV 85C Model Recovery 'PLL_inst|altpll_component|auto_generated|pll1|clk[2]'
Slack : 997.240
TNS   : 0.000

Type  : Slow 900mV 85C Model Removal 'debounce:debounce_4bit_inst|debounce_core:DB[2].db_core|r_switch_state'
Slack : 0.619
TNS   : 0.000

Type  : Slow 900mV 85C Model Removal 'PLL_inst|altpll_component|auto_generated|pll1|clk[2]'
Slack : 1.947
TNS   : 0.000

Type  : Slow 900mV 85C Model Removal 'PLL_inst|altpll_component|auto_generated|pll1|clk[1]'
Slack : 4.891
TNS   : 0.000

Type  : Slow 900mV 85C Model Minimum Pulse Width 'ADA_DCO'
Slack : -0.666
TNS   : -25.147

Type  : Slow 900mV 85C Model Minimum Pulse Width 'ADB_DCO'
Slack : -0.250
TNS   : -8.862

Type  : Slow 900mV 85C Model Minimum Pulse Width 'debounce:debounce_4bit_inst|debounce_core:DB[2].db_core|r_switch_state'
Slack : -0.250
TNS   : -2.884

Type  : Slow 900mV 85C Model Minimum Pulse Width 'ADC_BAT_I_EOC'
Slack : -0.250
TNS   : -2.384

Type  : Slow 900mV 85C Model Minimum Pulse Width 'hybrid_control_theta_phi:hybrid_control_theta_phi_inst|CLK_jump_prev'
Slack : -0.250
TNS   : -0.719

Type  : Slow 900mV 85C Model Minimum Pulse Width 'hybrid_control_mixed:hybrid_control_mixed_inst|CLK_jump_prev'
Slack : -0.250
TNS   : -0.700

Type  : Slow 900mV 85C Model Minimum Pulse Width 'PLL_inst|altpll_component|auto_generated|pll1|clk[1]'
Slack : 4.452
TNS   : 0.000

Type  : Slow 900mV 85C Model Minimum Pulse Width 'OSC'
Slack : 9.959
TNS   : 0.000

Type  : Slow 900mV 85C Model Minimum Pulse Width 'PLL_inst|altpll_component|auto_generated|pll1|clk[2]'
Slack : 499.452
TNS   : 0.000

Type  : Slow 900mV 0C Model Setup 'PLL_inst|altpll_component|auto_generated|pll1|clk[1]'
Slack : -14.323
TNS   : -571.791

Type  : Slow 900mV 0C Model Setup 'debounce:debounce_4bit_inst|debounce_core:DB[2].db_core|r_switch_state'
Slack : -1.462
TNS   : -11.123

Type  : Slow 900mV 0C Model Setup 'hybrid_control_mixed:hybrid_control_mixed_inst|CLK_jump_prev'
Slack : -1.061
TNS   : -2.016

Type  : Slow 900mV 0C Model Setup 'PLL_inst|altpll_component|auto_generated|pll1|clk[2]'
Slack : -0.944
TNS   : -28.505

Type  : Slow 900mV 0C Model Setup 'hybrid_control_theta_phi:hybrid_control_theta_phi_inst|CLK_jump_prev'
Slack : -0.571
TNS   : -0.992

Type  : Slow 900mV 0C Model Hold 'hybrid_control_theta_phi:hybrid_control_theta_phi_inst|CLK_jump_prev'
Slack : 0.069
TNS   : 0.000

Type  : Slow 900mV 0C Model Hold 'PLL_inst|altpll_component|auto_generated|pll1|clk[2]'
Slack : 0.264
TNS   : 0.000

Type  : Slow 900mV 0C Model Hold 'PLL_inst|altpll_component|auto_generated|pll1|clk[1]'
Slack : 0.271
TNS   : 0.000

Type  : Slow 900mV 0C Model Hold 'hybrid_control_mixed:hybrid_control_mixed_inst|CLK_jump_prev'
Slack : 0.331
TNS   : 0.000

Type  : Slow 900mV 0C Model Hold 'debounce:debounce_4bit_inst|debounce_core:DB[2].db_core|r_switch_state'
Slack : 0.359
TNS   : 0.000

Type  : Slow 900mV 0C Model Recovery 'debounce:debounce_4bit_inst|debounce_core:DB[2].db_core|r_switch_state'
Slack : -0.839
TNS   : -7.097

Type  : Slow 900mV 0C Model Recovery 'PLL_inst|altpll_component|auto_generated|pll1|clk[1]'
Slack : 4.289
TNS   : 0.000

Type  : Slow 900mV 0C Model Recovery 'PLL_inst|altpll_component|auto_generated|pll1|clk[2]'
Slack : 997.353
TNS   : 0.000

Type  : Slow 900mV 0C Model Removal 'debounce:debounce_4bit_inst|debounce_core:DB[2].db_core|r_switch_state'
Slack : 0.525
TNS   : 0.000

Type  : Slow 900mV 0C Model Removal 'PLL_inst|altpll_component|auto_generated|pll1|clk[2]'
Slack : 1.834
TNS   : 0.000

Type  : Slow 900mV 0C Model Removal 'PLL_inst|altpll_component|auto_generated|pll1|clk[1]'
Slack : 4.581
TNS   : 0.000

Type  : Slow 900mV 0C Model Minimum Pulse Width 'ADA_DCO'
Slack : -0.666
TNS   : -25.484

Type  : Slow 900mV 0C Model Minimum Pulse Width 'ADB_DCO'
Slack : -0.250
TNS   : -8.828

Type  : Slow 900mV 0C Model Minimum Pulse Width 'debounce:debounce_4bit_inst|debounce_core:DB[2].db_core|r_switch_state'
Slack : -0.250
TNS   : -3.101

Type  : Slow 900mV 0C Model Minimum Pulse Width 'ADC_BAT_I_EOC'
Slack : -0.250
TNS   : -2.104

Type  : Slow 900mV 0C Model Minimum Pulse Width 'hybrid_control_theta_phi:hybrid_control_theta_phi_inst|CLK_jump_prev'
Slack : -0.250
TNS   : -0.643

Type  : Slow 900mV 0C Model Minimum Pulse Width 'hybrid_control_mixed:hybrid_control_mixed_inst|CLK_jump_prev'
Slack : -0.250
TNS   : -0.632

Type  : Slow 900mV 0C Model Minimum Pulse Width 'PLL_inst|altpll_component|auto_generated|pll1|clk[1]'
Slack : 4.432
TNS   : 0.000

Type  : Slow 900mV 0C Model Minimum Pulse Width 'OSC'
Slack : 9.979
TNS   : 0.000

Type  : Slow 900mV 0C Model Minimum Pulse Width 'PLL_inst|altpll_component|auto_generated|pll1|clk[2]'
Slack : 499.435
TNS   : 0.000

Type  : Fast 900mV 0C Model Setup 'PLL_inst|altpll_component|auto_generated|pll1|clk[1]'
Slack : -8.824
TNS   : -350.865

Type  : Fast 900mV 0C Model Setup 'hybrid_control_mixed:hybrid_control_mixed_inst|CLK_jump_prev'
Slack : -0.710
TNS   : -1.366

Type  : Fast 900mV 0C Model Setup 'debounce:debounce_4bit_inst|debounce_core:DB[2].db_core|r_switch_state'
Slack : -0.501
TNS   : -3.221

Type  : Fast 900mV 0C Model Setup 'PLL_inst|altpll_component|auto_generated|pll1|clk[2]'
Slack : -0.408
TNS   : -11.219

Type  : Fast 900mV 0C Model Setup 'hybrid_control_theta_phi:hybrid_control_theta_phi_inst|CLK_jump_prev'
Slack : -0.372
TNS   : -0.704

Type  : Fast 900mV 0C Model Hold 'PLL_inst|altpll_component|auto_generated|pll1|clk[2]'
Slack : 0.154
TNS   : 0.000

Type  : Fast 900mV 0C Model Hold 'PLL_inst|altpll_component|auto_generated|pll1|clk[1]'
Slack : 0.159
TNS   : 0.000

Type  : Fast 900mV 0C Model Hold 'debounce:debounce_4bit_inst|debounce_core:DB[2].db_core|r_switch_state'
Slack : 0.204
TNS   : 0.000

Type  : Fast 900mV 0C Model Hold 'hybrid_control_theta_phi:hybrid_control_theta_phi_inst|CLK_jump_prev'
Slack : 0.344
TNS   : 0.000

Type  : Fast 900mV 0C Model Hold 'hybrid_control_mixed:hybrid_control_mixed_inst|CLK_jump_prev'
Slack : 0.569
TNS   : 0.000

Type  : Fast 900mV 0C Model Recovery 'debounce:debounce_4bit_inst|debounce_core:DB[2].db_core|r_switch_state'
Slack : -0.734
TNS   : -6.312

Type  : Fast 900mV 0C Model Recovery 'PLL_inst|altpll_component|auto_generated|pll1|clk[1]'
Slack : 5.857
TNS   : 0.000

Type  : Fast 900mV 0C Model Recovery 'PLL_inst|altpll_component|auto_generated|pll1|clk[2]'
Slack : 998.310
TNS   : 0.000

Type  : Fast 900mV 0C Model Removal 'debounce:debounce_4bit_inst|debounce_core:DB[2].db_core|r_switch_state'
Slack : 0.720
TNS   : 0.000

Type  : Fast 900mV 0C Model Removal 'PLL_inst|altpll_component|auto_generated|pll1|clk[2]'
Slack : 1.208
TNS   : 0.000

Type  : Fast 900mV 0C Model Removal 'PLL_inst|altpll_component|auto_generated|pll1|clk[1]'
Slack : 3.276
TNS   : 0.000

Type  : Fast 900mV 0C Model Minimum Pulse Width 'ADA_DCO'
Slack : -0.171
TNS   : -2.315

Type  : Fast 900mV 0C Model Minimum Pulse Width 'ADC_BAT_I_EOC'
Slack : -0.145
TNS   : -1.160

Type  : Fast 900mV 0C Model Minimum Pulse Width 'ADB_DCO'
Slack : -0.142
TNS   : -3.955

Type  : Fast 900mV 0C Model Minimum Pulse Width 'hybrid_control_mixed:hybrid_control_mixed_inst|CLK_jump_prev'
Slack : 0.056
TNS   : 0.000

Type  : Fast 900mV 0C Model Minimum Pulse Width 'hybrid_control_theta_phi:hybrid_control_theta_phi_inst|CLK_jump_prev'
Slack : 0.076
TNS   : 0.000

Type  : Fast 900mV 0C Model Minimum Pulse Width 'debounce:debounce_4bit_inst|debounce_core:DB[2].db_core|r_switch_state'
Slack : 0.157
TNS   : 0.000

Type  : Fast 900mV 0C Model Minimum Pulse Width 'PLL_inst|altpll_component|auto_generated|pll1|clk[1]'
Slack : 4.647
TNS   : 0.000

Type  : Fast 900mV 0C Model Minimum Pulse Width 'OSC'
Slack : 9.698
TNS   : 0.000

Type  : Fast 900mV 0C Model Minimum Pulse Width 'PLL_inst|altpll_component|auto_generated|pll1|clk[2]'
Slack : 499.649
TNS   : 0.000

------------------------------------------------------------
