------------------------------------------------------------
Timing Analyzer Summary
------------------------------------------------------------

Type  : Slow 900mV 85C Model Setup 'PLL_inst|altpll_component|auto_generated|pll1|clk[1]'
Slack : -19.266
TNS   : -19.266

Type  : Slow 900mV 85C Model Setup 'ADB_DCO'
Slack : -16.403
TNS   : -228.216

Type  : Slow 900mV 85C Model Setup 'ADA_DCO'
Slack : -16.360
TNS   : -228.018

Type  : Slow 900mV 85C Model Hold 'PLL_inst|altpll_component|auto_generated|pll1|clk[1]'
Slack : 0.407
TNS   : 0.000

Type  : Slow 900mV 85C Model Hold 'ADA_DCO'
Slack : 1.125
TNS   : 0.000

Type  : Slow 900mV 85C Model Hold 'ADB_DCO'
Slack : 1.167
TNS   : 0.000

Type  : Slow 900mV 85C Model Minimum Pulse Width 'ADA_DCO'
Slack : -0.666
TNS   : -25.778

Type  : Slow 900mV 85C Model Minimum Pulse Width 'ADB_DCO'
Slack : -0.666
TNS   : -10.110

Type  : Slow 900mV 85C Model Minimum Pulse Width 'PLL_inst|altpll_component|auto_generated|pll1|clk[1]'
Slack : 4.452
TNS   : 0.000

Type  : Slow 900mV 85C Model Minimum Pulse Width 'OSC'
Slack : 9.959
TNS   : 0.000

Type  : Slow 900mV 0C Model Setup 'PLL_inst|altpll_component|auto_generated|pll1|clk[1]'
Slack : -18.462
TNS   : -18.462

Type  : Slow 900mV 0C Model Setup 'ADB_DCO'
Slack : -15.693
TNS   : -218.197

Type  : Slow 900mV 0C Model Setup 'ADA_DCO'
Slack : -15.661
TNS   : -218.130

Type  : Slow 900mV 0C Model Hold 'PLL_inst|altpll_component|auto_generated|pll1|clk[1]'
Slack : 0.392
TNS   : 0.000

Type  : Slow 900mV 0C Model Hold 'ADA_DCO'
Slack : 0.971
TNS   : 0.000

Type  : Slow 900mV 0C Model Hold 'ADB_DCO'
Slack : 1.003
TNS   : 0.000

Type  : Slow 900mV 0C Model Minimum Pulse Width 'ADA_DCO'
Slack : -0.666
TNS   : -25.750

Type  : Slow 900mV 0C Model Minimum Pulse Width 'ADB_DCO'
Slack : -0.666
TNS   : -9.944

Type  : Slow 900mV 0C Model Minimum Pulse Width 'PLL_inst|altpll_component|auto_generated|pll1|clk[1]'
Slack : 4.433
TNS   : 0.000

Type  : Slow 900mV 0C Model Minimum Pulse Width 'OSC'
Slack : 9.979
TNS   : 0.000

Type  : Fast 900mV 0C Model Setup 'PLL_inst|altpll_component|auto_generated|pll1|clk[1]'
Slack : -11.051
TNS   : -11.051

Type  : Fast 900mV 0C Model Setup 'ADB_DCO'
Slack : -9.216
TNS   : -128.200

Type  : Fast 900mV 0C Model Setup 'ADA_DCO'
Slack : -9.183
TNS   : -128.005

Type  : Fast 900mV 0C Model Hold 'PLL_inst|altpll_component|auto_generated|pll1|clk[1]'
Slack : 0.216
TNS   : 0.000

Type  : Fast 900mV 0C Model Hold 'ADA_DCO'
Slack : 0.637
TNS   : 0.000

Type  : Fast 900mV 0C Model Hold 'ADB_DCO'
Slack : 0.685
TNS   : 0.000

Type  : Fast 900mV 0C Model Minimum Pulse Width 'ADB_DCO'
Slack : -0.143
TNS   : -3.976

Type  : Fast 900mV 0C Model Minimum Pulse Width 'ADA_DCO'
Slack : -0.141
TNS   : -1.974

Type  : Fast 900mV 0C Model Minimum Pulse Width 'PLL_inst|altpll_component|auto_generated|pll1|clk[1]'
Slack : 4.648
TNS   : 0.000

Type  : Fast 900mV 0C Model Minimum Pulse Width 'OSC'
Slack : 9.698
TNS   : 0.000

------------------------------------------------------------
